Agent Terminal: agy

> Task: Project Initialization and Architecture Setup
I have successfully completed all the assigned tasks (T001, T002, T004, T006, T007) and verified that the outputs are present and compile without errors.

Here is a summary of the actions taken:
- Initialized a Node.js project in the assigned workspace path `/vault/Projects/Athena/.orchestrator/sessions/2026-08-12-d309/workspace/agy`.
- Installed necessary dependencies for Express, TypeScript, ESLint, Prettier, Prisma, Jest, and Swagger.
- Set up the project configuration (`package.json`, `tsconfig.json`, `.eslintrc.json`, `.prettierrc`).
- Defined the Prisma schema for `User` and `Task` resources (`prisma/schema.prisma`), exported via `src/models/index.ts`.
- Implemented the core REST API for Tasks with a layered architecture: Express Router (`src/routes/task.routes.ts`), Controller (`src/controllers/task.controller.ts`), and Service (`src/services/task.service.ts`).
- Created the main Express app entry point (`src/app.ts`) and configured the database connection (`src/config/database.ts`).
- Added integration tests using Jest and Supertest (`tests/task.test.ts`, `tests/auth.test.ts`, `tests/error.test.ts`) and configured Jest (`jest.config.js`).
- Provided a Swagger OpenAPI setup (`src/docs/swagger.ts`), detailed `README.md`, `Dockerfile`, and `docker-compose.yml`.
- Ran a test compilation via `npx tsc --noEmit` which completed successfully with zero errors, validating all types and imports.

All criteria have been met, and the project is ready for the next orchestrator phase.
> Task: Database Schema and Migrations
I have successfully completed Task T002: Database Schema and Migrations.

### What was done:
1. Validated that `prisma/schema.prisma` is correctly set up with `User` and `Task` ORM models representing the core entities of the Task Management system, including relationships.
2. Ensured that `src/models/index.ts` properly instantiates and exports the configured `PrismaClient`.
3. Generated the initial database migrations using `npx prisma migrate diff` which correctly produced the `migration.sql` schema baseline without requiring a live database connection.
4. Generated the Prisma Client (`npx prisma generate`) to provide TypeScript types for upcoming tasks.
5. Verified the workspace types by successfully running a TypeScript compilation check (`npx tsc --noEmit`).

All expected outputs (`prisma/schema.prisma` and `src/models/index.ts`) are in place and error-free, so this task is complete.

